[28Feb2026 17:39:09.918] [main/INFO] [cpw.mods.modlauncher.Launcher/MODLAUNCHER]: ModLauncher running: args [--launchTarget, forgeclientdev, --version, 21.1.219, --assetIndex, 17, --assetsDir, C:\\Users\\azooz\\.gradle\\caches\\neoformruntime\\assets, --gameDir, ., --fml.fmlVersion, 4.0.42, --fml.mcVersion, 1.21.1, --fml.neoForgeVersion, 21.1.219, --fml.neoFormVersion, 20240808.144430]
[28Feb2026 17:39:09.921] [main/INFO] [cpw.mods.modlauncher.Launcher/MODLAUNCHER]: JVM identified as Eclipse Adoptium OpenJDK 64-Bit Server VM 21.0.2+13-LTS
[28Feb2026 17:39:09.923] [main/INFO] [cpw.mods.modlauncher.Launcher/MODLAUNCHER]: ModLauncher 11.0.5+main.901c6ea8 starting: java version 21.0.2 by Eclipse Adoptium; OS Windows 11 arch amd64 version 10.0
[28Feb2026 17:39:10.019] [main/INFO] [net.neoforged.fml.loading.ImmediateWindowHandler/]: Loading ImmediateWindowProvider fmlearlywindow
[28Feb2026 17:39:10.115] [main/INFO] [EARLYDISPLAY/]: Trying GL version 4.6
[28Feb2026 17:39:10.208] [main/INFO] [EARLYDISPLAY/]: Requested GL version 4.6 got version 4.6
[28Feb2026 17:39:10.287] [main/INFO] [mixin/]: SpongePowered MIXIN Subsystem Version=0.8.7 Source=union:/C:/Users/azooz/.gradle/caches/modules-2/files-2.1/net.fabricmc/sponge-mixin/0.15.2+mixin.0.8.7/2af2f021d8e02a0220dc27a7a72b4666d66d44ca/sponge-mixin-0.15.2+mixin.0.8.7.jar%23138!/ Service=ModLauncher Env=CLIENT
[28Feb2026 17:39:10.487] [pool-2-thread-1/INFO] [EARLYDISPLAY/]: GL info: AMD Radeon RX 6700 GL version 4.6.0 Core Profile Context 26.2.2.260218, ATI Technologies Inc.
[28Feb2026 17:39:10.663] [main/INFO] [net.neoforged.fml.loading.moddiscovery.locators.JarInJarDependencyLocator/]: Found 2 dependencies adding them to mods collection
[28Feb2026 17:39:10.665] [main/INFO] [net.neoforged.fml.loading.moddiscovery.ModDiscoverer/]: 
     Mod List:
		Name Version (Mod Id)

		Droppable 21.1.1 (droppable)
		Epic Fight 21.15.4 (epicfight)
		Minecraft 1.21.1 (minecraft)
		NeoForge 21.1.219 (neoforge)
[28Feb2026 17:39:11.483] [main/INFO] [mixin/]: Compatibility level set to JAVA_21
[28Feb2026 17:39:11.490] [main/INFO] [cpw.mods.modlauncher.LaunchServiceHandler/MODLAUNCHER]: Launching target 'forgeclientdev' with arguments [--version, 21.1.219, --gameDir, ., --assetsDir, C:\Users\azooz\.gradle\caches\neoformruntime\assets, --assetIndex, 17]
[28Feb2026 17:39:11.544] [main/WARN] [mixin/]: Reference map 'epicfight.mixins.refmap.json' for epicfight.mixins.json could not be read. If this is a development environment you can ignore this message
[28Feb2026 17:39:11.992] [main/INFO] [MixinExtras|Service/]: Initializing MixinExtras via com.llamalad7.mixinextras.service.MixinExtrasServiceImpl(version=0.5.0).
[28Feb2026 17:39:13.304] [Datafixer Bootstrap/INFO] [com.mojang.datafixers.DataFixerBuilder/]: 229 Datafixer optimizations took 322 milliseconds
[28Feb2026 17:39:13.383] [main/WARN] [oshi.driver.windows.perfmon.PerfmonDisabled/]: Invalid registry value type detected for PerfOS counters. Should be REG_DWORD. Ignoring: HKEY_LOCAL_MACHINE\SYSTEM\CurrentControlSet\Services\PerfOS\Performance\Disable Performance Counters.
[28Feb2026 17:39:17.419] [main/WARN] [net.minecraft.commands.Commands/]: Ambiguity between arguments [teleport, location] and [teleport, destination] with inputs: [0.1 -0.5 .9, 0 0 0]
[28Feb2026 17:39:17.421] [main/WARN] [net.minecraft.commands.Commands/]: Ambiguity between arguments [teleport, location] and [teleport, targets] with inputs: [0.1 -0.5 .9, 0 0 0]
[28Feb2026 17:39:17.424] [main/WARN] [net.minecraft.commands.Commands/]: Ambiguity between arguments [teleport, destination] and [teleport, targets] with inputs: [Player, 0123, @e, dd12be42-52a9-4a91-a8a1-11c01849e498]
[28Feb2026 17:39:17.426] [main/WARN] [net.minecraft.commands.Commands/]: Ambiguity between arguments [teleport, targets] and [teleport, destination] with inputs: [Player, 0123, dd12be42-52a9-4a91-a8a1-11c01849e498]
[28Feb2026 17:39:17.428] [main/WARN] [net.minecraft.commands.Commands/]: Ambiguity between arguments [teleport, targets, location] and [teleport, targets, destination] with inputs: [0.1 -0.5 .9, 0 0 0]
[28Feb2026 17:39:17.552] [Render thread/WARN] [net.minecraft.server.packs.VanillaPackResourcesBuilder/]: Assets URL 'union:/C:/Users/azooz/Desktop/Droppable/versions/neoforge/1.21/build/moddev/artifacts/neoforge-21.1.219.jar%23189!/assets/.mcassetsroot' uses unexpected schema
[28Feb2026 17:39:17.552] [Render thread/WARN] [net.minecraft.server.packs.VanillaPackResourcesBuilder/]: Assets URL 'union:/C:/Users/azooz/Desktop/Droppable/versions/neoforge/1.21/build/moddev/artifacts/neoforge-21.1.219.jar%23189!/data/.mcassetsroot' uses unexpected schema
[28Feb2026 17:39:17.577] [Render thread/INFO] [com.mojang.authlib.yggdrasil.YggdrasilAuthenticationService/]: Environment: Environment[sessionHost=https://sessionserver.mojang.com, servicesHost=https://api.minecraftservices.com, name=PROD]
[28Feb2026 17:39:17.587] [Render thread/INFO] [net.minecraft.client.Minecraft/]: Setting user: Dev
[28Feb2026 17:39:17.681] [Render thread/INFO] [net.minecraft.client.Minecraft/]: Backend library: LWJGL version 3.3.3+5
[28Feb2026 17:39:17.900] [modloading-worker-0/INFO] [net.neoforged.neoforge.common.NeoForgeMod/NEOFORGE-MOD]: NeoForge mod loading, version 21.1.219, for MC 1.21.1
[28Feb2026 17:39:18.326] [modloading-sync-worker/INFO] [epicfight/]: Data keys [epicfight:combo_counter] for epicfight:combo_attacks
[28Feb2026 17:39:18.326] [modloading-sync-worker/INFO] [epicfight/]: Data keys [epicfight:penalty, epicfight:penalty_restore_counter] for epicfight:guard
[28Feb2026 17:39:18.327] [modloading-sync-worker/INFO] [epicfight/]: Data keys [epicfight:penalty, epicfight:penalty_restore_counter] for epicfight:impact_guard
[28Feb2026 17:39:18.327] [modloading-sync-worker/INFO] [epicfight/]: Data keys [epicfight:last_active, epicfight:penalty, epicfight:parry_motion_counter, epicfight:penalty_restore_counter] for epicfight:parrying
[28Feb2026 17:39:18.327] [modloading-sync-worker/INFO] [epicfight/]: Data keys [epicfight:tick_record, epicfight:stacks, epicfight:resisting_damage_type] for epicfight:adaptive_skin
[28Feb2026 17:39:18.327] [modloading-sync-worker/INFO] [epicfight/]: Data keys [epicfight:tick_record] for epicfight:adrenaline_fiend
[28Feb2026 17:39:18.328] [modloading-sync-worker/INFO] [epicfight/]: Data keys [epicfight:entity_id, epicfight:stacks] for epicfight:bonebreaker
[28Feb2026 17:39:18.328] [modloading-sync-worker/INFO] [epicfight/]: Data keys [epicfight:tick_record, epicfight:entity_id] for epicfight:vengeance
[28Feb2026 17:39:18.328] [modloading-sync-worker/INFO] [epicfight/]: Data keys [epicfight:slam_protect_next_fall, epicfight:fall_distance] for epicfight:meteor_slam
[28Feb2026 17:39:18.329] [modloading-sync-worker/INFO] [epicfight/]: Data keys [epicfight:stacks] for epicfight:revelation
[28Feb2026 17:39:18.329] [modloading-sync-worker/INFO] [epicfight/]: Data keys [epicfight:slam_protect_next_fall] for epicfight:demolition_leap
[28Feb2026 17:39:18.329] [modloading-sync-worker/INFO] [epicfight/]: Data keys [epicfight:slam_protect_next_fall, epicfight:jump_count, epicfight:jump_key_pressed_last_tick] for epicfight:phantom_ascent
[28Feb2026 17:39:18.329] [modloading-sync-worker/INFO] [epicfight/]: Data keys [epicfight:last_hit_count] for epicfight:grasping_spire
[28Feb2026 17:39:18.329] [modloading-sync-worker/INFO] [epicfight/]: Data keys [epicfight:sheath] for epicfight:battojutsu
[28Feb2026 17:39:18.329] [modloading-sync-worker/INFO] [epicfight/]: Data keys [epicfight:combo_counter] for epicfight:blade_rush
[28Feb2026 17:39:18.330] [modloading-sync-worker/INFO] [epicfight/]: Data keys [epicfight:thrown_trident_entity_id] for epicfight:everlasting_allegiance
[28Feb2026 17:39:18.330] [modloading-sync-worker/INFO] [epicfight/]: Data keys [epicfight:sheath] for epicfight:battojutsu_passive
[28Feb2026 17:39:18.355] [modloading-sync-worker/INFO] [epicfight/]: Epic Fight web server connection helper: Initialize
[28Feb2026 17:39:18.413] [modloading-sync-worker/INFO] [epicfight/]: Epic Fight web server connection helper: supported
[28Feb2026 17:39:18.849] [Render thread/INFO] [net.neoforged.neoforge.gametest.GameTestHooks/]: Enabled Gametest Namespaces: [droppable]
[28Feb2026 17:39:19.077] [Render thread/INFO] [net.minecraft.server.packs.resources.ReloadableResourceManager/]: Reloading ResourceManager: vanilla, mod_resources, mod/droppable, mod/epicfight, mod/neoforge
[28Feb2026 17:39:19.153] [Worker-Main-4/INFO] [net.minecraft.client.gui.font.providers.UnihexProvider/]: Found unifont_all_no_pua-15.1.05.hex, loading
[28Feb2026 17:39:19.263] [Worker-Main-9/INFO] [net.minecraft.client.gui.font.providers.UnihexProvider/]: Found unifont_jp_patch-15.1.05.hex, loading
[28Feb2026 17:39:19.330] [Render thread/WARN] [epicfight/]: [Computer Shader Acceleration] OpenGL Version: 4.6.0 Core Profile Context 26.2.2.260218
[28Feb2026 17:39:19.332] [Render thread/WARN] [epicfight/]: [Computer Shader Acceleration] Compute Shader: Supported
[28Feb2026 17:39:20.485] [Render thread/ERROR] [net.minecraft.client.sounds.SoundManager/]: Missing subtitle translation{key='sfx.slam_light', args=[]} for sound event: epicfight:sfx.slam_light
[28Feb2026 17:39:20.486] [Render thread/ERROR] [net.minecraft.client.sounds.SoundManager/]: Missing subtitle translation{key='skill.adrenaline', args=[]} for sound event: epicfight:skill.adrenaline
[28Feb2026 17:39:20.486] [Render thread/ERROR] [net.minecraft.client.sounds.SoundManager/]: Missing subtitle translation{key='skill.endurance', args=[]} for sound event: epicfight:skill.endurance
[28Feb2026 17:39:20.486] [Render thread/ERROR] [net.minecraft.client.sounds.SoundManager/]: Missing subtitle translation{key='skill.adaptive_skin_increase', args=[]} for sound event: epicfight:skill.adaptive_skin_increase
[28Feb2026 17:39:20.487] [Render thread/ERROR] [net.minecraft.client.sounds.SoundManager/]: Missing subtitle translation{key='skill.stamina_pillager_death', args=[]} for sound event: epicfight:skill.stamina_pillager_death
[28Feb2026 17:39:20.487] [Render thread/ERROR] [net.minecraft.client.sounds.SoundManager/]: Missing subtitle translation{key='ui.hover', args=[]} for sound event: epicfight:ui.hover
[28Feb2026 17:39:20.488] [Render thread/ERROR] [net.minecraft.client.sounds.SoundManager/]: Missing subtitle translation{key='skill.swordmaster', args=[]} for sound event: epicfight:skill.swordmaster
[28Feb2026 17:39:20.488] [Render thread/ERROR] [net.minecraft.client.sounds.SoundManager/]: Missing subtitle translation{key='skill.vengeance', args=[]} for sound event: epicfight:skill.vengeance
[28Feb2026 17:39:20.489] [Render thread/ERROR] [net.minecraft.client.sounds.SoundManager/]: Missing subtitle translation{key='skill.emergency_escape', args=[]} for sound event: epicfight:skill.emergency_escape
[28Feb2026 17:39:20.489] [Render thread/ERROR] [net.minecraft.client.sounds.SoundManager/]: Missing subtitle translation{key='skill.technician', args=[]} for sound event: epicfight:skill.technician
[28Feb2026 17:39:20.489] [Render thread/ERROR] [net.minecraft.client.sounds.SoundManager/]: Missing subtitle translation{key='skill.catharsis', args=[]} for sound event: epicfight:skill.catharsis
[28Feb2026 17:39:20.489] [Render thread/ERROR] [net.minecraft.client.sounds.SoundManager/]: Missing subtitle translation{key='entity.hit.old_fall', args=[]} for sound event: epicfight:entity.hit.old_fall
[28Feb2026 17:39:20.489] [Render thread/ERROR] [net.minecraft.client.sounds.SoundManager/]: Missing subtitle translation{key='sfx.slam_heavy', args=[]} for sound event: epicfight:sfx.slam_heavy
[28Feb2026 17:39:20.489] [Render thread/ERROR] [net.minecraft.client.sounds.SoundManager/]: Missing subtitle translation{key='skill.adaptive_skin_decrease', args=[]} for sound event: epicfight:skill.adaptive_skin_decrease
[28Feb2026 17:39:20.489] [Render thread/ERROR] [net.minecraft.client.sounds.SoundManager/]: Missing subtitle translation{key='entity.wither.wither_spell_armor', args=[]} for sound event: epicfight:entity.wither.wither_spell_armor
[28Feb2026 17:39:20.489] [Render thread/ERROR] [net.minecraft.client.sounds.SoundManager/]: Missing subtitle translation{key='skill.hypervitality', args=[]} for sound event: epicfight:skill.hypervitality
[28Feb2026 17:39:20.490] [Render thread/WARN] [net.minecraft.client.sounds.SoundEngine/]: Missing sound for event: minecraft:item.goat_horn.play
[28Feb2026 17:39:20.490] [Render thread/WARN] [net.minecraft.client.sounds.SoundEngine/]: Missing sound for event: minecraft:entity.goat.screaming.horn_break
[28Feb2026 17:39:20.490] [Render thread/WARN] [net.minecraft.client.sounds.SoundEngine/]: Missing sound for event: epicfight:sfx.no_sound
[28Feb2026 17:39:20.538] [Render thread/INFO] [com.mojang.blaze3d.audio.Library/]: OpenAL initialized on device OpenAL Soft on Speakers (fifine Microphone)
[28Feb2026 17:39:20.539] [Render thread/INFO] [net.minecraft.client.sounds.SoundEngine/SOUNDS]: Sound engine started
[28Feb2026 17:39:20.686] [Render thread/INFO] [net.minecraft.client.renderer.texture.TextureAtlas/]: Created: 1024x512x4 minecraft:textures/atlas/blocks.png-atlas
[28Feb2026 17:39:20.697] [Render thread/INFO] [net.minecraft.client.renderer.texture.TextureAtlas/]: Created: 256x256x4 minecraft:textures/atlas/signs.png-atlas
[28Feb2026 17:39:20.698] [Render thread/INFO] [net.minecraft.client.renderer.texture.TextureAtlas/]: Created: 512x512x4 minecraft:textures/atlas/shield_patterns.png-atlas
[28Feb2026 17:39:20.698] [Render thread/INFO] [net.minecraft.client.renderer.texture.TextureAtlas/]: Created: 512x512x4 minecraft:textures/atlas/banner_patterns.png-atlas
[28Feb2026 17:39:20.700] [Render thread/INFO] [net.minecraft.client.renderer.texture.TextureAtlas/]: Created: 1024x1024x4 minecraft:textures/atlas/armor_trims.png-atlas
[28Feb2026 17:39:20.705] [Render thread/INFO] [net.minecraft.client.renderer.texture.TextureAtlas/]: Created: 128x64x4 minecraft:textures/atlas/decorated_pot.png-atlas
[28Feb2026 17:39:20.705] [Render thread/INFO] [net.minecraft.client.renderer.texture.TextureAtlas/]: Created: 256x256x4 minecraft:textures/atlas/chest.png-atlas
[28Feb2026 17:39:20.706] [Render thread/INFO] [net.minecraft.client.renderer.texture.TextureAtlas/]: Created: 512x256x4 minecraft:textures/atlas/shulker_boxes.png-atlas
[28Feb2026 17:39:20.706] [Render thread/INFO] [net.minecraft.client.renderer.texture.TextureAtlas/]: Created: 512x256x4 minecraft:textures/atlas/beds.png-atlas
[28Feb2026 17:39:20.773] [Render thread/ERROR] [epicfight/]: Can't load layer file minecraft:animated_layers/player/waveycapes.json for entity.minecraft.player: dev.tr7zw.waveycapes.renderlayers.CustomCapeRenderLayer (This is develop-only message and neglectable if the resource is not belong to you)
[28Feb2026 17:39:20.775] [Render thread/ERROR] [epicfight/]: Can't load layer file minecraft:animated_layers/player/waveycapes.json for entity.minecraft.player: dev.tr7zw.waveycapes.renderlayers.CustomCapeRenderLayer (This is develop-only message and neglectable if the resource is not belong to you)
[28Feb2026 17:39:20.780] [Render thread/ERROR] [epicfight/]: Can't load layer file minecraft:animated_layers/player/waveycapes.json for entity.minecraft.player: dev.tr7zw.waveycapes.renderlayers.CustomCapeRenderLayer (This is develop-only message and neglectable if the resource is not belong to you)
[28Feb2026 17:39:20.789] [Render thread/INFO] [net.minecraft.client.renderer.texture.TextureAtlas/]: Created: 2048x1024x0 minecraft:textures/atlas/particles.png-atlas
[28Feb2026 17:39:20.793] [Render thread/INFO] [net.minecraft.client.renderer.texture.TextureAtlas/]: Created: 512x256x0 minecraft:textures/atlas/paintings.png-atlas
[28Feb2026 17:39:20.794] [Render thread/INFO] [net.minecraft.client.renderer.texture.TextureAtlas/]: Created: 256x128x0 minecraft:textures/atlas/mob_effects.png-atlas
[28Feb2026 17:39:20.795] [Render thread/INFO] [net.minecraft.client.renderer.texture.TextureAtlas/]: Created: 64x64x0 minecraft:textures/atlas/map_decorations.png-atlas
[28Feb2026 17:39:20.795] [Render thread/INFO] [net.minecraft.client.renderer.texture.TextureAtlas/]: Created: 1024x512x0 minecraft:textures/atlas/gui.png-atlas
[28Feb2026 17:39:20.826] [Render thread/WARN] [net.minecraft.client.renderer.ShaderInstance/]: Shader rendertype_entity_translucent_emissive could not find sampler named Sampler2 in the specified shader program.
[28Feb2026 17:39:21.263] [Render thread/INFO] [net.neoforged.neoforge.client.entity.animation.json.AnimationLoader/]: Loaded 0 entity animations
[28Feb2026 17:39:29.560] [Render thread/INFO] [net.minecraft.world.item.crafting.RecipeManager/]: Loaded 1321 recipes
[28Feb2026 17:39:29.685] [Render thread/INFO] [net.minecraft.advancements.AdvancementTree/]: Loaded 1430 advancements
[28Feb2026 17:39:29.691] [Render thread/WARN] [epicfight/]: Skill epicfight:air_slash doesn't exist in the registry.
[28Feb2026 17:39:29.703] [Render thread/WARN] [epicfight/]: Hit Particle Type not found: minecraft:blunt
[28Feb2026 17:39:30.105] [Server thread/INFO] [net.minecraft.client.server.IntegratedServer/]: Starting integrated minecraft server version 1.21.1
[28Feb2026 17:39:30.106] [Server thread/INFO] [net.minecraft.server.MinecraftServer/]: Generating keypair
[28Feb2026 17:39:30.297] [Server thread/INFO] [net.minecraft.server.MinecraftServer/]: Preparing start region for dimension minecraft:overworld
[28Feb2026 17:39:30.433] [progressListener/INFO] [net.minecraft.server.level.progress.LoggerChunkProgressListener/]: Preparing spawn area: 0%
[28Feb2026 17:39:30.477] [Server thread/INFO] [net.neoforged.neoforge.server.permission.PermissionAPI/]: Successfully initialized permission handler neoforge:default_handler
[28Feb2026 17:39:30.487] [progressListener/INFO] [net.minecraft.server.level.progress.LoggerChunkProgressListener/]: Time elapsed: 178 ms
[28Feb2026 17:39:30.536] [Server thread/INFO] [net.minecraft.client.server.IntegratedServer/]: Changing view distance to 12, from 10
[28Feb2026 17:39:30.537] [Server thread/INFO] [net.minecraft.client.server.IntegratedServer/]: Changing simulation distance to 12, from 0
[28Feb2026 17:39:31.018] [Server thread/INFO] [net.minecraft.server.players.PlayerList/]: Dev[local:E:891baf56] logged in with entity id 1 at (35.7774975329692, -60.0, -0.4475865498847984)
[28Feb2026 17:39:31.053] [Server thread/INFO] [net.minecraft.server.MinecraftServer/]: Dev joined the game
[28Feb2026 17:39:31.207] [Render thread/INFO] [net.minecraft.advancements.AdvancementTree/]: Loaded 61 advancements
[28Feb2026 17:39:31.280] [Render thread/INFO] [com.mojang.blaze3d.platform.GlDebug/]: OpenGL debug message: id=1005, source=API, type=ERROR, severity=HIGH, message='No detailed debug message due to a non-debug context'
[28Feb2026 17:39:31.294] [Render thread/INFO] [com.mojang.blaze3d.platform.GlDebug/]: OpenGL debug message: id=1005, source=API, type=ERROR, severity=HIGH, message='No detailed debug message due to a non-debug context'
[28Feb2026 17:39:33.041] [Server thread/INFO] [net.minecraft.client.server.IntegratedServer/]: Saving and pausing game...
[28Feb2026 17:39:33.062] [Server thread/INFO] [net.minecraft.server.MinecraftServer/]: Saving chunks for level 'ServerLevel[New World]'/minecraft:overworld
[28Feb2026 17:39:33.071] [Server thread/INFO] [net.minecraft.server.MinecraftServer/]: Saving chunks for level 'ServerLevel[New World]'/minecraft:the_end
[28Feb2026 17:39:33.072] [Server thread/INFO] [net.minecraft.server.MinecraftServer/]: Saving chunks for level 'ServerLevel[New World]'/minecraft:the_nether
[28Feb2026 17:40:04.644] [Render thread/INFO] [net.minecraft.client.gui.components.ChatComponent/]: [System] [CHAT] Success!, make sure to /reload so the loots apply to the world
[28Feb2026 17:40:09.049] [Server thread/INFO] [net.minecraft.server.MinecraftServer/]: [Dev: Reloading!]
[28Feb2026 17:40:09.051] [Render thread/INFO] [net.minecraft.client.gui.components.ChatComponent/]: [System] [CHAT] Reloading!
[28Feb2026 17:40:09.294] [Server thread/INFO] [net.minecraft.world.item.crafting.RecipeManager/]: Loaded 1321 recipes
[28Feb2026 17:40:09.394] [Server thread/INFO] [net.minecraft.advancements.AdvancementTree/]: Loaded 1430 advancements
[28Feb2026 17:40:09.398] [Server thread/WARN] [epicfight/]: Skill epicfight:air_slash doesn't exist in the registry.
[28Feb2026 17:40:09.404] [Server thread/WARN] [epicfight/]: Hit Particle Type not found: minecraft:blunt
[28Feb2026 17:40:09.869] [Render thread/WARN] [epicfight/]: Hit Particle Type not found: minecraft:blunt
[28Feb2026 17:40:09.944] [Render thread/INFO] [net.minecraft.advancements.AdvancementTree/]: Loaded 61 advancements
[28Feb2026 17:40:10.680] [Server thread/INFO] [net.minecraft.client.server.IntegratedServer/]: Saving and pausing game...
[28Feb2026 17:40:10.687] [Server thread/INFO] [net.minecraft.server.MinecraftServer/]: Saving chunks for level 'ServerLevel[New World]'/minecraft:overworld
[28Feb2026 17:40:10.695] [Server thread/INFO] [net.minecraft.server.MinecraftServer/]: Saving chunks for level 'ServerLevel[New World]'/minecraft:the_end
[28Feb2026 17:40:10.695] [Server thread/INFO] [net.minecraft.server.MinecraftServer/]: Saving chunks for level 'ServerLevel[New World]'/minecraft:the_nether
